To honour the JVM settings for this build a single-use Daemon process will be forked. For more on this, please refer to https://docs.gradle.org/8.2/userguide/gradle_daemon.html#sec:disabling_the_daemon in the Gradle documentation.
Daemon will be stopped at the end of the build 
> Task :app:preBuild UP-TO-DATE
> Task :app:preDebugBuild UP-TO-DATE
> Task :app:mergeDebugNativeDebugMetadata NO-SOURCE
> Task :app:checkKotlinGradlePluginConfigurationErrors
> Task :app:checkDebugAarMetadata UP-TO-DATE
> Task :app:generateDebugResValues UP-TO-DATE
> Task :app:mapDebugSourceSetPaths UP-TO-DATE
> Task :app:generateDebugResources UP-TO-DATE
> Task :app:mergeDebugResources UP-TO-DATE
> Task :app:packageDebugResources UP-TO-DATE
> Task :app:parseDebugLocalResources UP-TO-DATE
> Task :app:createDebugCompatibleScreenManifests UP-TO-DATE
> Task :app:extractDeepLinksDebug UP-TO-DATE
> Task :app:processDebugMainManifest UP-TO-DATE
> Task :app:processDebugManifest UP-TO-DATE
> Task :app:processDebugManifestForPackage UP-TO-DATE
> Task :app:processDebugResources UP-TO-DATE
> Task :app:kaptGenerateStubsDebugKotlin UP-TO-DATE
> Task :app:kaptDebugKotlin UP-TO-DATE
> Task :app:javaPreCompileDebug UP-TO-DATE
> Task :app:mergeDebugShaders UP-TO-DATE
> Task :app:compileDebugShaders NO-SOURCE
> Task :app:generateDebugAssets UP-TO-DATE
> Task :app:mergeDebugAssets UP-TO-DATE
> Task :app:compressDebugAssets UP-TO-DATE
> Task :app:checkDebugDuplicateClasses UP-TO-DATE
> Task :app:desugarDebugFileDependencies UP-TO-DATE
> Task :app:mergeExtDexDebug UP-TO-DATE
> Task :app:mergeLibDexDebug UP-TO-DATE
> Task :app:mergeDebugJniLibFolders UP-TO-DATE
> Task :app:mergeDebugNativeLibs NO-SOURCE
> Task :app:stripDebugDebugSymbols NO-SOURCE
> Task :app:validateSigningDebug UP-TO-DATE
> Task :app:writeDebugAppMetadata UP-TO-DATE
> Task :app:writeDebugSigningConfigVersions UP-TO-DATE
> Task :app:buildKotlinToolingMetadata UP-TO-DATE
> Task :app:preReleaseBuild UP-TO-DATE
> Task :app:checkReleaseAarMetadata UP-TO-DATE
> Task :app:generateReleaseResValues UP-TO-DATE
> Task :app:mapReleaseSourceSetPaths UP-TO-DATE
> Task :app:generateReleaseResources UP-TO-DATE
> Task :app:mergeReleaseResources UP-TO-DATE
> Task :app:packageReleaseResources UP-TO-DATE
> Task :app:parseReleaseLocalResources UP-TO-DATE
> Task :app:createReleaseCompatibleScreenManifests UP-TO-DATE
> Task :app:extractDeepLinksRelease UP-TO-DATE
> Task :app:processReleaseMainManifest UP-TO-DATE
> Task :app:processReleaseManifest UP-TO-DATE
> Task :app:processReleaseManifestForPackage UP-TO-DATE
> Task :app:processReleaseResources UP-TO-DATE
> Task :app:kaptGenerateStubsReleaseKotlin UP-TO-DATE
> Task :app:javaPreCompileRelease UP-TO-DATE
> Task :app:extractProguardFiles UP-TO-DATE
> Task :app:mergeReleaseJniLibFolders UP-TO-DATE
> Task :app:mergeReleaseNativeLibs NO-SOURCE
> Task :app:stripReleaseDebugSymbols NO-SOURCE
> Task :app:extractReleaseNativeSymbolTables NO-SOURCE
> Task :app:mergeReleaseNativeDebugMetadata NO-SOURCE
> Task :app:checkReleaseDuplicateClasses UP-TO-DATE
> Task :app:desugarReleaseFileDependencies UP-TO-DATE
> Task :app:mergeExtDexRelease UP-TO-DATE
> Task :app:mergeReleaseArtProfile UP-TO-DATE
> Task :app:mergeReleaseShaders UP-TO-DATE
> Task :app:compileReleaseShaders NO-SOURCE
> Task :app:generateReleaseAssets UP-TO-DATE
> Task :app:mergeReleaseAssets UP-TO-DATE
> Task :app:compressReleaseAssets UP-TO-DATE
> Task :app:optimizeReleaseResources UP-TO-DATE
> Task :app:collectReleaseDependencies UP-TO-DATE
> Task :app:sdkReleaseDependencyData UP-TO-DATE
> Task :app:writeReleaseAppMetadata UP-TO-DATE
> Task :app:writeReleaseSigningConfigVersions UP-TO-DATE
> Task :app:preDebugAndroidTestBuild SKIPPED
> Task :app:generateDebugAndroidTestResValues UP-TO-DATE
> Task :app:preDebugUnitTestBuild UP-TO-DATE
> Task :app:javaPreCompileDebugUnitTest UP-TO-DATE
> Task :app:preReleaseUnitTestBuild UP-TO-DATE
> Task :app:javaPreCompileReleaseUnitTest UP-TO-DATE
> Task :app:kaptReleaseKotlin

> Task :app:compileDebugKotlin FAILED
./gradlew : e: file:///F:/document/repositories/Remind_assistant/app/src/main/j
ava/com/example/reminderassistant/di/AppModule.kt:3:38 Unresolved reference: da
ta
所在位置 行:1 字符: 1
+ ./gradlew build --no-daemon > build_output.txt 2>&1 ; Get-Content bui ...
+ ~~~~~~~~~~~~~~~~~~~~~~~~~~~~~~~~~~~~~~~~~~~~~~~~~~~
    + CategoryInfo          : NotSpecified: (e: file:///F:/d...reference: data 
   :String) [], RemoteException
    + FullyQualifiedErrorId : NativeCommandError
 
e: file:///F:/document/repositories/Remind_assistant/app/src/main/java/com/exam
ple/reminderassistant/di/AppModule.kt:4:38 Unresolved reference: data
e: file:///F:/document/repositories/Remind_assistant/app/src/main/java/com/exam
ple/reminderassistant/di/AppModule.kt:5:45 Unresolved reference: clipboard
e: file:///F:/document/repositories/Remind_assistant/app/src/main/java/com/exam
ple/reminderassistant/di/AppModule.kt:6:45 Unresolved reference: clipboard
e: file:///F:/document/repositories/Remind_assistant/app/src/main/java/com/exam
ple/reminderassistant/di/AppModule.kt:23:15 Unresolved reference: ClipboardMoni
torImpl
e: file:///F:/document/repositories/Remind_assistant/app/src/main/java/com/exam
ple/reminderassistant/di/AppModule.kt:24:8 Unresolved reference: ClipboardMonit
or
e: file:///F:/document/repositories/Remind_assistant/app/src/main/java/com/exam
ple/reminderassistant/di/AppModule.kt:29:15 Unresolved reference: SettingsRepos
itoryImpl
e: file:///F:/document/repositories/Remind_assistant/app/src/main/java/com/exam
ple/reminderassistant/di/AppModule.kt:30:8 Unresolved reference: SettingsReposi
tory
e: file:///F:/document/repositories/Remind_assistant/app/src/main/java/com/exam
ple/reminderassistant/ui/settings/SettingsViewModel.kt:4:38 Unresolved referenc
e: data
e: file:///F:/document/repositories/Remind_assistant/app/src/main/java/com/exam
ple/reminderassistant/ui/settings/SettingsViewModel.kt:14:37 Unresolved referen
ce: SettingsRepository

> Task :app:compileReleaseKotlin FAILED
e: file:///F:/document/repositories/Remind_assistant/app/src/main/java/com/exam
ple/reminderassistant/di/AppModule.kt:3:38 Unresolved reference: data
e: file:///F:/document/repositories/Remind_assistant/app/src/main/java/com/exam
ple/reminderassistant/di/AppModule.kt:4:38 Unresolved reference: data
e: file:///F:/document/repositories/Remind_assistant/app/src/main/java/com/exam
ple/reminderassistant/di/AppModule.kt:5:45 Unresolved reference: clipboard
e: file:///F:/document/repositories/Remind_assistant/app/src/main/java/com/exam
ple/reminderassistant/di/AppModule.kt:6:45 Unresolved reference: clipboard
e: file:///F:/document/repositories/Remind_assistant/app/src/main/java/com/exam
ple/reminderassistant/di/AppModule.kt:23:15 Unresolved reference: ClipboardMoni
torImpl
e: file:///F:/document/repositories/Remind_assistant/app/src/main/java/com/exam
ple/reminderassistant/di/AppModule.kt:24:8 Unresolved reference: ClipboardMonit
or
e: file:///F:/document/repositories/Remind_assistant/app/src/main/java/com/exam
ple/reminderassistant/di/AppModule.kt:29:15 Unresolved reference: SettingsRepos
itoryImpl
e: file:///F:/document/repositories/Remind_assistant/app/src/main/java/com/exam
ple/reminderassistant/di/AppModule.kt:30:8 Unresolved reference: SettingsReposi
tory
e: file:///F:/document/repositories/Remind_assistant/app/src/main/java/com/exam
ple/reminderassistant/ui/settings/SettingsViewModel.kt:4:38 Unresolved referenc
e: data
e: file:///F:/document/repositories/Remind_assistant/app/src/main/java/com/exam
ple/reminderassistant/ui/settings/SettingsViewModel.kt:14:37 Unresolved referen
ce: SettingsRepository

FAILURE: Build completed with 2 failures.

1: Task failed with an exception.
-----------
* What went wrong:
Execution failed for task ':app:compileDebugKotlin'.
> A failure occurred while executing org.jetbrains.kotlin.compilerRunner.Gradle
CompilerRunnerWithWorkers$GradleKotlinCompilerWorkAction
   > Compilation error. See log for more details

* Try:
> Run with --stacktrace option to get the stack trace.
> Run with --info or --debug option to get more log output.
> Run with --scan to get full insights.
> Get more help at https://help.gradle.org.
==============================================================================

2: Task failed with an exception.
-----------
* What went wrong:
Execution failed for task ':app:compileReleaseKotlin'.
> A failure occurred while executing org.jetbrains.kotlin.compilerRunner.Gradle
CompilerRunnerWithWorkers$GradleKotlinCompilerWorkAction
   > Compilation error. See log for more details

* Try:
> Run with --stacktrace option to get the stack trace.
> Run with --info or --debug option to get more log output.
> Run with --scan to get full insights.
> Get more help at https://help.gradle.org.
==============================================================================

BUILD FAILED in 35s
62 actionable tasks: 4 executed, 58 up-to-date
