> Task :app:checkKotlinGradlePluginConfigurationErrors
> Task :app:preBuild UP-TO-DATE
> Task :app:preDebugBuild UP-TO-DATE
> Task :app:checkDebugAarMetadata FAILED
.\gradlew.bat : 
所在位置 行:1 字符: 1
+ .\gradlew.bat compileDebugKotlin 2>&1 > compile.log ; Select-String " ...
+ ~~~~~~~~~~~~~~~~~~~~~~~~~~~~~~~~~~~~~~~~~~~~~~~~~~~
    + CategoryInfo          : NotSpecified: (:String) [], RemoteException
    + FullyQualifiedErrorId : NativeCommandError
 
FAILURE: Build failed with an exception.

* What went wrong:
Execution failed for task ':app:checkDebugAarMetadata'.
> Configuration `:app:debugRuntimeClasspath` contains AndroidX dependencies, bu
t the `android.useAndroidX` property is not enabled, which may cause runtime is
sues.
  Set `android.useAndroidX=true` in the `gradle.properties` file and retry.
  The following AndroidX dependencies are detected:
  :app:debugRuntimeClasspath -> androidx.compose.ui:ui-test-manifest:1.6.0
  :app:debugRuntimeClasspath -> com.google.dagger:hilt-android:2.49 -> androidx
.activity:activity:1.8.0
  :app:debugRuntimeClasspath -> androidx.hilt:hilt-navigation-compose:1.1.0 -> 
androidx.hilt:hilt-navigation:1.1.0 -> androidx.annotation:annotation:1.7.0
  :app:debugRuntimeClasspath -> androidx.hilt:hilt-navigation-compose:1.1.0 -> 
androidx.hilt:hilt-navigation:1.1.0 -> androidx.annotation:annotation:1.7.0 -> 
androidx.annotation:annotation-jvm:1.7.0
  :app:debugRuntimeClasspath -> androidx.hilt:hilt-navigation-compose:1.1.0 -> 
androidx.hilt:hilt-navigation:1.1.0 -> androidx.navigation:navigation-runtime:2
.7.7 -> androidx.collection:collection:1.4.0
  :app:debugRuntimeClasspath -> androidx.hilt:hilt-navigation-compose:1.1.0 -> 
androidx.hilt:hilt-navigation:1.1.0 -> androidx.navigation:navigation-runtime:2
.7.7 -> androidx.collection:collection:1.4.0 -> androidx.collection:collection-
jvm:1.4.0
  :app:debugRuntimeClasspath -> androidx.hilt:hilt-navigation-compose:1.1.0 -> 
androidx.hilt:hilt-navigation:1.1.0 -> androidx.navigation:navigation-runtime:2
.7.7 -> androidx.navigation:navigation-common:2.7.7 -> androidx.collection:coll
ection-ktx:1.4.0
  :app:debugRuntimeClasspath -> androidx.compose:compose-bom:2024.01.00 -> andr
oidx.compose.foundation:foundation-layout-android:1.6.0 -> androidx.core:core:1
.12.0
  :app:debugRuntimeClasspath -> com.google.dagger:hilt-android:2.49 -> androidx
.annotation:annotation-experimental:1.3.1
  :app:debugRuntimeClasspath -> androidx.compose:compose-bom:2024.01.00 -> andr
oidx.compose.foundation:foundation-layout-android:1.6.0 -> androidx.core:core:1
.12.0 -> androidx.concurrent:concurrent-futures:1.1.0
  :app:debugRuntimeClasspath -> androidx.compose:compose-bom:2024.01.00 -> andr
oidx.compose.foundation:foundation-layout-android:1.6.0 -> androidx.core:core:1
.12.0 -> androidx.interpolator:interpolator:1.0.0
  :app:debugRuntimeClasspath -> androidx.compose.material3:material3:1.1.2 -> a
ndroidx.lifecycle:lifecycle-runtime:2.7.0
  :app:debugRuntimeClasspath -> com.google.dagger:hilt-android:2.49 -> androidx
.savedstate:savedstate:1.2.1 -> androidx.arch.core:core-common:2.2.0
  :app:debugRuntimeClasspath -> com.google.dagger:hilt-android:2.49 -> androidx
.fragment:fragment:1.5.1 -> androidx.loader:loader:1.0.0 -> androidx.lifecycle:
lifecycle-livedata:2.7.0 -> androidx.arch.core:core-runtime:2.2.0
  :app:debugRuntimeClasspath -> com.google.dagger:hilt-android:2.49 -> androidx
.lifecycle:lifecycle-common:2.7.0
  :app:debugRuntimeClasspath -> androidx.compose.material3:material3:1.1.2 -> a
ndroidx.lifecycle:lifecycle-common-java8:2.7.0
  :app:debugRuntimeClasspath -> androidx.lifecycle:lifecycle-runtime-ktx:2.7.0
  :app:debugRuntimeClasspath -> androidx.lifecycle:lifecycle-viewmodel-compose:
2.7.0
  :app:debugRuntimeClasspath -> androidx.compose:compose-bom:2024.01.00 -> andr
oidx.compose.runtime:runtime:1.6.0
  :app:debugRuntimeClasspath -> androidx.compose:compose-bom:2024.01.00 -> andr
oidx.compose.runtime:runtime-android:1.6.0
  :app:debugRuntimeClasspath -> androidx.compose:compose-bom:2024.01.00 -> andr
oidx.compose.runtime:runtime-saveable:1.6.0
  :app:debugRuntimeClasspath -> androidx.compose:compose-bom:2024.01.00 -> andr
oidx.compose.runtime:runtime-saveable-android:1.6.0
  :app:debugRuntimeClasspath -> androidx.compose.ui:ui:1.6.0
  :app:debugRuntimeClasspath -> androidx.compose:compose-bom:2024.01.00 -> andr
oidx.compose.ui:ui-android:1.6.0
  :app:debugRuntimeClasspath -> androidx.hilt:hilt-navigation-compose:1.1.0 -> 
androidx.hilt:hilt-navigation:1.1.0 -> androidx.navigation:navigation-runtime:2
.7.7 -> androidx.activity:activity-ktx:1.8.0
  :app:debugRuntimeClasspath -> androidx.core:core-ktx:1.12.0
  :app:debugRuntimeClasspath -> androidx.hilt:hilt-navigation-compose:1.1.0 -> 
androidx.hilt:hilt-navigation:1.1.0 -> androidx.navigation:navigation-runtime:2
.7.7 -> androidx.navigation:navigation-common:2.7.7 -> androidx.lifecycle:lifec
ycle-viewmodel-ktx:2.7.0
  :app:debugRuntimeClasspath -> androidx.compose.material3:material3:1.1.2 -> a
ndroidx.lifecycle:lifecycle-viewmodel:2.7.0
  :app:debugRuntimeClasspath -> com.google.dagger:hilt-android:2.49 -> androidx
.fragment:fragment:1.5.1 -> androidx.lifecycle:lifecycle-livedata-core:2.7.0
  :app:debugRuntimeClasspath -> com.google.dagger:hilt-android:2.49 -> androidx
.lifecycle:lifecycle-viewmodel-savedstate:2.7.0
  :app:debugRuntimeClasspath -> com.google.dagger:hilt-android:2.49 -> androidx
.savedstate:savedstate:1.2.1
  :app:debugRuntimeClasspath -> androidx.compose.material3:material3:1.1.2 -> a
ndroidx.savedstate:savedstate-ktx:1.2.1
  :app:debugRuntimeClasspath -> com.google.dagger:hilt-android:2.49 -> androidx
.fragment:fragment:1.5.1 -> androidx.loader:loader:1.0.0 -> androidx.lifecycle:
lifecycle-livedata:2.7.0
  :app:debugRuntimeClasspath -> androidx.compose:compose-bom:2024.01.00 -> andr
oidx.compose.foundation:foundation-android:1.6.0 -> androidx.emoji2:emoji2:1.3.
0 -> androidx.lifecycle:lifecycle-process:2.7.0 -> androidx.lifecycle:lifecycle
-livedata-core-ktx:2.7.0
  :app:debugRuntimeClasspath -> androidx.compose:compose-bom:2024.01.00 -> andr
oidx.compose.foundation:foundation-android:1.6.0 -> androidx.emoji2:emoji2:1.3.
0 -> androidx.lifecycle:lifecycle-process:2.7.0
  :app:debugRuntimeClasspath -> androidx.compose:compose-bom:2024.01.00 -> andr
oidx.compose.foundation:foundation-android:1.6.0 -> androidx.emoji2:emoji2:1.3.
0 -> androidx.startup:startup-runtime:1.1.1
  :app:debugRuntimeClasspath -> com.google.dagger:hilt-android:2.49 -> androidx
.activity:activity:1.8.0 -> androidx.tracing:tracing:1.0.0
  :app:debugRuntimeClasspath -> androidx.activity:activity-compose:1.8.0
  :app:debugRuntimeClasspath -> androidx.compose:compose-bom:2024.01.00 -> andr
oidx.compose.ui:ui-android:1.6.0 -> androidx.autofill:autofill:1.0.0
  :app:debugRuntimeClasspath -> androidx.compose:compose-bom:2024.01.00 -> andr
oidx.compose.ui:ui-geometry:1.6.0
  :app:debugRuntimeClasspath -> androidx.compose:compose-bom:2024.01.00 -> andr
oidx.compose.ui:ui-geometry-android:1.6.0
  :app:debugRuntimeClasspath -> androidx.compose:compose-bom:2024.01.00 -> andr
oidx.compose.ui:ui-util:1.6.0
  :app:debugRuntimeClasspath -> androidx.compose:compose-bom:2024.01.00 -> andr
oidx.compose.ui:ui-util-android:1.6.0
  :app:debugRuntimeClasspath -> androidx.compose.ui:ui-graphics:1.6.0
  :app:debugRuntimeClasspath -> androidx.compose:compose-bom:2024.01.00 -> andr
oidx.compose.ui:ui-graphics-android:1.6.0
  :app:debugRuntimeClasspath -> androidx.compose:compose-bom:2024.01.00 -> andr
oidx.compose.ui:ui-unit:1.6.0
  :app:debugRuntimeClasspath -> androidx.compose:compose-bom:2024.01.00 -> andr
oidx.compose.ui:ui-unit-android:1.6.0
  :app:debugRuntimeClasspath -> androidx.compose:compose-bom:2024.01.00 -> andr
oidx.compose.ui:ui-text:1.6.0
  :app:debugRuntimeClasspath -> androidx.compose:compose-bom:2024.01.00 -> andr
oidx.compose.ui:ui-text-android:1.6.0
  :app:debugRuntimeClasspath -> androidx.compose:compose-bom:2024.01.00 -> andr
oidx.compose.foundation:foundation-android:1.6.0 -> androidx.emoji2:emoji2:1.3.
0
  :app:debugRuntimeClasspath -> androidx.compose.ui:ui-tooling:1.6.0
  :app:debugRuntimeClasspath -> androidx.compose:compose-bom:2024.01.00 -> andr
oidx.compose.ui:ui-tooling-android:1.6.0
  :app:debugRuntimeClasspath -> androidx.compose:compose-bom:2024.01.00 -> andr
oidx.compose.animation:animation:1.6.0
  :app:debugRuntimeClasspath -> androidx.compose:compose-bom:2024.01.00 -> andr
oidx.compose.animation:animation-android:1.6.0
  :app:debugRuntimeClasspath -> androidx.compose:compose-bom:2024.01.00 -> andr
oidx.compose.animation:animation-core:1.6.0
  :app:debugRuntimeClasspath -> androidx.compose:compose-bom:2024.01.00 -> andr
oidx.compose.animation:animation-core-android:1.6.0
  :app:debugRuntimeClasspath -> androidx.compose:compose-bom:2024.01.00 -> andr
oidx.compose.foundation:foundation-layout:1.6.0
  :app:debugRuntimeClasspath -> androidx.compose:compose-bom:2024.01.00 -> andr
oidx.compose.foundation:foundation-layout-android:1.6.0
  :app:debugRuntimeClasspath -> androidx.compose:compose-bom:2024.01.00 -> andr
oidx.compose.foundation:foundation:1.6.0
  :app:debugRuntimeClasspath -> androidx.compose:compose-bom:2024.01.00 -> andr
oidx.compose.foundation:foundation-android:1.6.0
  :app:debugRuntimeClasspath -> androidx.compose:compose-bom:2024.01.00 -> andr
oidx.compose.material:material:1.6.0
  :app:debugRuntimeClasspath -> androidx.compose:compose-bom:2024.01.00 -> andr
oidx.compose.material:material-android:1.6.0
  :app:debugRuntimeClasspath -> androidx.compose:compose-bom:2024.01.00 -> andr
oidx.compose.material:material-icons-core:1.6.0
  :app:debugRuntimeClasspath -> androidx.compose:compose-bom:2024.01.00 -> andr
oidx.compose.material:material-icons-core-android:1.6.0
  :app:debugRuntimeClasspath -> androidx.compose.material:material-icons-extend
ed:1.6.0
  :app:debugRuntimeClasspath -> androidx.compose:compose-bom:2024.01.00 -> andr
oidx.compose.material:material-icons-extended-android:1.6.0
  :app:debugRuntimeClasspath -> androidx.compose:compose-bom:2024.01.00 -> andr
oidx.compose.material:material-ripple:1.6.0
  :app:debugRuntimeClasspath -> androidx.compose:compose-bom:2024.01.00 -> andr
oidx.compose.material:material-ripple-android:1.6.0
  :app:debugRuntimeClasspath -> androidx.compose:compose-bom:2024.01.00 -> andr
oidx.compose.ui:ui-tooling-data:1.6.0
  :app:debugRuntimeClasspath -> androidx.compose:compose-bom:2024.01.00 -> andr
oidx.compose.ui:ui-tooling-data-android:1.6.0
  :app:debugRuntimeClasspath -> androidx.compose.ui:ui-tooling-preview:1.6.0
  :app:debugRuntimeClasspath -> androidx.compose:compose-bom:2024.01.00 -> andr
oidx.compose.ui:ui-tooling-preview-android:1.6.0
  :app:debugRuntimeClasspath -> androidx.compose:compose-bom:2024.01.00 -> andr
oidx.compose.ui:ui-android:1.6.0 -> androidx.customview:customview-poolingconta
iner:1.0.0
  :app:debugRuntimeClasspath -> androidx.hilt:hilt-navigation-compose:1.1.0 -> 
androidx.hilt:hilt-navigation:1.1.0 -> androidx.navigation:navigation-runtime:2
.7.7 -> androidx.navigation:navigation-common:2.7.7 -> androidx.profileinstalle
r:profileinstaller:1.3.0
  :app:debugRuntimeClasspath -> androidx.compose:compose-bom:2024.01.00 -> andr
oidx.compose.foundation:foundation-layout-android:1.6.0 -> androidx.core:core:1
.12.0 -> androidx.versionedparcelable:versionedparcelable:1.1.1
  :app:debugRuntimeClasspath -> androidx.compose:compose-bom:2024.01.00
  :app:debugRuntimeClasspath -> androidx.compose.material3:material3:1.1.2
  :app:debugRuntimeClasspath -> androidx.navigation:navigation-compose:2.7.7
  :app:debugRuntimeClasspath -> androidx.hilt:hilt-navigation-compose:1.1.0 -> 
androidx.hilt:hilt-navigation:1.1.0 -> androidx.navigation:navigation-runtime:2
.7.7 -> androidx.navigation:navigation-common:2.7.7 -> androidx.navigation:navi
gation-runtime-ktx:2.7.7
  :app:debugRuntimeClasspath -> androidx.hilt:hilt-navigation-compose:1.1.0 -> 
androidx.hilt:hilt-navigation:1.1.0 -> androidx.navigation:navigation-runtime:2
.7.7 -> androidx.navigation:navigation-common:2.7.7 -> androidx.navigation:navi
gation-common-ktx:2.7.7
  :app:debugRuntimeClasspath -> androidx.hilt:hilt-navigation-compose:1.1.0 -> 
androidx.hilt:hilt-navigation:1.1.0 -> androidx.navigation:navigation-runtime:2
.7.7 -> androidx.navigation:navigation-common:2.7.7
  :app:debugRuntimeClasspath -> androidx.hilt:hilt-navigation-compose:1.1.0 -> 
androidx.hilt:hilt-navigation:1.1.0 -> androidx.navigation:navigation-runtime:2
.7.7
  :app:debugRuntimeClasspath -> androidx.room:room-runtime:2.6.1
  :app:debugRuntimeClasspath -> androidx.room:room-runtime:2.6.1 -> androidx.ro
om:room-common:2.6.1
  :app:debugRuntimeClasspath -> androidx.room:room-ktx:2.6.1
  :app:debugRuntimeClasspath -> androidx.room:room-runtime:2.6.1 -> androidx.sq
lite:sqlite:2.4.0
  :app:debugRuntimeClasspath -> androidx.room:room-runtime:2.6.1 -> androidx.sq
lite:sqlite-framework:2.4.0
  :app:debugRuntimeClasspath -> com.google.dagger:hilt-android:2.49 -> androidx
.fragment:fragment:1.5.1
  :app:debugRuntimeClasspath -> com.google.dagger:hilt-android:2.49 -> androidx
.fragment:fragment:1.5.1 -> androidx.loader:loader:1.0.0
  :app:debugRuntimeClasspath -> com.google.dagger:hilt-android:2.49 -> androidx
.fragment:fragment:1.5.1 -> androidx.viewpager:viewpager:1.0.0
  :app:debugRuntimeClasspath -> com.google.dagger:hilt-android:2.49 -> androidx
.fragment:fragment:1.5.1 -> androidx.viewpager:viewpager:1.0.0 -> androidx.cust
omview:customview:1.0.0
  :app:debugRuntimeClasspath -> androidx.hilt:hilt-navigation-compose:1.1.0
  :app:debugRuntimeClasspath -> androidx.hilt:hilt-navigation-compose:1.1.0 -> 
androidx.hilt:hilt-navigation:1.1.0

* Try:
> Run with --stacktrace option to get the stack trace.
> Run with --info or --debug option to get more log output.
> Run with --scan to get full insights.
> Get more help at https://help.gradle.org.

BUILD FAILED in 1s
2 actionable tasks: 2 executed
