> Task :app:checkKotlinGradlePluginConfigurationErrors
> Task :app:preBuild UP-TO-DATE
> Task :app:preDebugBuild UP-TO-DATE
> Task :app:checkDebugAarMetadata UP-TO-DATE
> Task :app:generateDebugResValues UP-TO-DATE
> Task :app:mapDebugSourceSetPaths UP-TO-DATE
> Task :app:generateDebugResources UP-TO-DATE
> Task :app:mergeDebugResources UP-TO-DATE
> Task :app:packageDebugResources UP-TO-DATE
> Task :app:parseDebugLocalResources UP-TO-DATE
> Task :app:createDebugCompatibleScreenManifests UP-TO-DATE
> Task :app:extractDeepLinksDebug UP-TO-DATE
> Task :app:processDebugMainManifest UP-TO-DATE
> Task :app:processDebugManifest UP-TO-DATE
> Task :app:processDebugManifestForPackage UP-TO-DATE
> Task :app:processDebugResources
> Task :app:kaptGenerateStubsDebugKotlin
> Task :app:kaptDebugKotlin

> Task :app:compileDebugKotlin
w: file:///F:/document/repositories/Remind_assistant/app/src/main/java/com/example/reminderassistant/system/accessibility/ReminderAccessibilityService.kt:71:49 Parameter 'timeMillis' is never used
w: file:///F:/document/repositories/Remind_assistant/app/src/main/java/com/example/reminderassistant/system/intent/NotesIntentLauncher.kt:36:45 Parameter 'timeMillis' is never used

BUILD SUCCESSFUL in 49s
16 actionable tasks: 5 executed, 11 up-to-date
